\BOOKMARK [1][-]{section*.1}{\376\377\000W\000y\000k\000a\000z\000\040\000s\000y\000m\000b\000o\000l\000i\000\040\000i\000\040\000s\000k\000r\000\363\000t\000\363\000w}{}% 1
\BOOKMARK [1][-]{section.1}{\376\377\000W\000s\000t\001\031\000p}{}% 2
\BOOKMARK [1][-]{section.2}{\376\377\000P\000r\000z\000e\000g\000l\001\005\000d\000\040\000i\000s\000t\000n\000i\000e\000j\001\005\000c\000y\000c\000h\000\040\000r\000o\000z\000w\000i\001\005\000z\000a\001\104}{}% 3
\BOOKMARK [2][-]{subsection.2.1}{\376\377\000A\000p\000l\000i\000k\000a\000c\000j\000e\000\040\000d\000e\000d\000y\000k\000o\000w\000a\000n\000e\000\040\000d\000l\000a\000\040\000s\000p\000o\001\102\000e\000c\000z\000n\000o\001\133\000c\000i\000\040\000d\000e\000s\000k\000o\000r\000o\000l\000k\000o\000w\000e\000j}{section.2}% 4
\BOOKMARK [2][-]{subsection.2.2}{\376\377\000A\000n\000a\000l\000i\000z\000a\000\040\000r\000u\000c\000h\000u\000\040\000w\000\040\000s\000p\000o\000r\000c\000i\000e\000:\000\040\000W\000i\000d\000e\000o\000\040\000a\000\040\000c\000z\000u\000j\000n\000i\000k\000i\000\040\000s\000p\000r\000z\001\031\000t\000o\000w\000e}{section.2}% 5
\BOOKMARK [2][-]{subsection.2.3}{\376\377\000M\000o\000d\000e\000l\000e\000\040\000w\000i\000z\000y\000j\000n\000e\000j\000\040\000a\000n\000a\000l\000i\000z\000y\000\040\000r\000u\000c\000h\000u}{section.2}% 6
\BOOKMARK [2][-]{subsection.2.4}{\376\377\000P\000o\000d\000s\000u\000m\000o\000w\000a\000n\000i\000e}{section.2}% 7
\BOOKMARK [1][-]{section.3}{\376\377\000Z\000a\001\102\000o\001\174\000e\000n\000i\000a\000\040\000i\000\040\000a\000r\000c\000h\000i\000t\000e\000k\000t\000u\000r\000a\000\040\000s\000y\000s\000t\000e\000m\000u}{}% 8
\BOOKMARK [2][-]{subsection.3.1}{\376\377\000W\000y\000m\000a\000g\000a\000n\000i\000a\000\040\000f\000u\000n\000k\000c\000j\000o\000n\000a\000l\000n\000e\000\040\000i\000\040\000n\000i\000e\000f\000u\000n\000k\000c\000j\000o\000n\000a\000l\000n\000e}{section.3}% 9
\BOOKMARK [2][-]{subsection.3.2}{\376\377\000W\000y\000b\000\363\000r\000\040\000t\000e\000c\000h\000n\000o\000l\000o\000g\000i\000i}{section.3}% 10
\BOOKMARK [3][-]{subsubsection.3.2.1}{\376\377\000P\000o\000d\000e\000j\001\133\000c\000i\000e\000\040\000I\000o\000T\000\040\000\050\000c\000z\000u\000j\000n\000i\000k\000o\000w\000e\000\051}{subsection.3.2}% 11
\BOOKMARK [3][-]{subsubsection.3.2.2}{\376\377\000P\000o\000d\000e\000j\001\133\000c\000i\000e\000\040\000w\000i\000z\000y\000j\000n\000e\000\040\000\050\000E\000d\000g\000e\000\040\000A\000I\000\051}{subsection.3.2}% 12
\BOOKMARK [2][-]{subsection.3.3}{\376\377\000A\000r\000c\000h\000i\000t\000e\000k\000t\000u\000r\000a\000\040\000s\000y\000s\000t\000e\000m\000u}{section.3}% 13
\BOOKMARK [1][-]{section.4}{\376\377\000P\000r\000o\000j\000e\000k\000t\000\040\000i\000n\000t\000e\000r\000f\000e\000j\000s\000u\000\040\000u\001\174\000y\000t\000k\000o\000w\000n\000i\000k\000a}{}% 14
\BOOKMARK [2][-]{subsection.4.1}{\376\377\000Z\000a\001\102\000o\001\174\000e\000n\000i\000a\000\040\000p\000r\000o\000j\000e\000k\000t\000o\000w\000e\000\040\000i\000\040\000m\000a\000k\000i\000e\000t\000y\000\040\000a\000p\000l\000i\000k\000a\000c\000j\000i}{section.4}% 15
\BOOKMARK [2][-]{subsection.4.2}{\376\377\000N\000a\000w\000i\000g\000a\000c\000j\000a\000\040\000i\000\040\000g\001\102\000\363\000w\000n\000e\000\040\000e\000k\000r\000a\000n\000y\000\040\000a\000p\000l\000i\000k\000a\000c\000j\000i}{section.4}% 16
\BOOKMARK [3][-]{subsubsection.4.2.1}{\376\377\000E\000k\000r\000a\000n\000\040\000m\000a\000p\000y\000\040\000\050\000S\000p\000o\000t\000\040\000M\000a\000p\000\051}{subsection.4.2}% 17
\BOOKMARK [3][-]{subsubsection.4.2.2}{\376\377\000E\000k\000r\000a\000n\000\040\000w\000y\000k\000r\000y\000w\000a\000n\000i\000a\000\040\000t\000r\000i\000k\000\363\000w\000\040\000\050\000D\000e\000t\000e\000c\000t\000\040\000T\000r\000i\000c\000k\000\051}{subsection.4.2}% 18
\BOOKMARK [2][-]{subsection.4.3}{\376\377\000I\000n\000t\000e\000r\000a\000k\000c\000j\000a\000\040\000u\001\174\000y\000t\000k\000o\000w\000n\000i\000k\000a\000\040\000z\000\040\000m\000o\000d\000u\001\102\000e\000m\000\040\000r\000o\000z\000p\000o\000z\000n\000a\000w\000a\000n\000i\000a\000\040\000t\000r\000i\000k\000\363\000w}{section.4}% 19
\BOOKMARK [1][-]{section.5}{\376\377\000O\000p\000r\000a\000c\000o\000w\000a\000n\000i\000e\000\040\000m\000o\000d\000u\001\102\000u\000\040\000s\000z\000t\000u\000c\000z\000n\000e\000j\000\040\000i\000n\000t\000e\000l\000i\000g\000e\000n\000c\000j\000i}{}% 20
\BOOKMARK [2][-]{subsection.5.1}{\376\377\000Z\000b\000i\000\363\000r\000\040\000d\000a\000n\000y\000c\000h\000\040\000t\000r\000e\000n\000i\000n\000g\000o\000w\000y\000c\000h}{section.5}% 21
\BOOKMARK [2][-]{subsection.5.2}{\376\377\000E\000k\000s\000t\000r\000a\000k\000c\000j\000a\000\040\000c\000e\000c\000h\000\040\000i\000\040\000e\000s\000t\000y\000m\000a\000c\000j\000a\000\040\000p\000o\000z\000y}{section.5}% 22
\BOOKMARK [2][-]{subsection.5.3}{\376\377\000P\000r\000e\000p\000r\000o\000c\000e\000s\000s\000i\000n\000g\000\040\000i\000\040\000n\000o\000r\000m\000a\000l\000i\000z\000a\000c\000j\000a\000\040\000d\000a\000n\000y\000c\000h}{section.5}% 23
\BOOKMARK [2][-]{subsection.5.4}{\376\377\000A\000r\000c\000h\000i\000t\000e\000k\000t\000u\000r\000a\000\040\000m\000o\000d\000e\000l\000u\000\040\000k\000l\000a\000s\000y\000f\000i\000k\000a\000c\000y\000j\000n\000e\000g\000o}{section.5}% 24
\BOOKMARK [2][-]{subsection.5.5}{\376\377\000T\000r\000e\000n\000o\000w\000a\000n\000i\000e\000\040\000m\000o\000d\000e\000l\000u\000\040\000i\000\040\000k\000o\000n\000w\000e\000r\000s\000j\000a\000\040\000T\000e\000n\000s\000o\000r\000F\000l\000o\000w\000\040\000L\000i\000t\000e}{section.5}% 25
\BOOKMARK [1][-]{section.6}{\376\377\000B\000u\000d\000o\000w\000a\000\040\000a\000p\000l\000i\000k\000a\000c\000j\000i\000\040\000m\000o\000b\000i\000l\000n\000e\000j\000\040\000i\000\040\000w\000a\000r\000s\000t\000w\000y\000\040\000s\000e\000r\000w\000e\000r\000o\000w\000e\000j}{}% 26
\BOOKMARK [2][-]{subsection.6.1}{\376\377\000S\000t\000r\000u\000k\000t\000u\000r\000a\000\040\000p\000r\000o\000j\000e\000k\000t\000u\000\040\000w\000\040\001\133\000r\000o\000d\000o\000w\000i\000s\000k\000u\000\040\000F\000l\000u\000t\000t\000e\000r}{section.6}% 27
\BOOKMARK [2][-]{subsection.6.2}{\376\377\000I\000n\000t\000e\000g\000r\000a\000c\000j\000a\000\040\000m\000o\000d\000u\001\102\000u\000\040\000m\000a\000p\000y}{section.6}% 28
\BOOKMARK [2][-]{subsection.6.3}{\376\377\000O\000b\000s\001\102\000u\000g\000a\000\040\000k\000a\000m\000e\000r\000y\000\040\000i\000\040\000z\000a\000r\000z\001\005\000d\000z\000a\000n\000i\000e\000\040\000p\000l\000i\000k\000a\000m\000i\000\040\000w\000i\000d\000e\000o}{section.6}% 29
\BOOKMARK [2][-]{subsection.6.4}{\376\377\000I\000n\000t\000e\000g\000r\000a\000c\000j\000a\000\040\000m\000o\000d\000u\001\102\000u\000\040\000T\000e\000n\000s\000o\000r\000F\000l\000o\000w\000\040\000L\000i\000t\000e\000\040\000z\000\040\000a\000p\000l\000i\000k\000a\000c\000j\001\005}{section.6}% 30
\BOOKMARK [3][-]{subsubsection.6.4.1}{\376\377\000E\000s\000t\000y\000m\000a\000c\000j\000a\000\040\000p\000o\000z\000y}{subsection.6.4}% 31
\BOOKMARK [3][-]{subsubsection.6.4.2}{\376\377\000K\000l\000a\000s\000y\000f\000i\000k\000a\000c\000j\000a\000\040\000t\000r\000i\000k\000\363\000w}{subsection.6.4}% 32
\BOOKMARK [2][-]{subsection.6.5}{\376\377\000A\000r\000c\000h\000i\000t\000e\000k\000t\000u\000r\000a\000\040\000i\000\040\000i\000m\000p\000l\000e\000m\000e\000n\000t\000a\000c\000j\000a\000\040\000w\000a\000r\000s\000t\000w\000y\000\040\000s\000e\000r\000w\000e\000r\000o\000w\000e\000j}{section.6}% 33
\BOOKMARK [2][-]{subsection.6.6}{\376\377\000B\000a\000z\000a\000\040\000d\000a\000n\000y\000c\000h\000\040\000o\000r\000a\000z\000\040\000p\000r\000z\000e\000c\000h\000o\000w\000y\000w\000a\000n\000i\000e\000\040\000z\000a\000s\000o\000b\000\363\000w\000\040\000m\000u\000l\000t\000i\000m\000e\000d\000i\000a\000l\000n\000y\000c\000h}{section.6}% 34
\BOOKMARK [2][-]{subsection.6.7}{\376\377\000I\000n\000t\000e\000r\000f\000e\000j\000s\000\040\000u\001\174\000y\000t\000k\000o\000w\000n\000i\000k\000a\000\040\000a\000p\000l\000i\000k\000a\000c\000j\000i}{section.6}% 35
\BOOKMARK [1][-]{section.7}{\376\377\000T\000e\000s\000t\000y\000\040\000o\000r\000a\000z\000\040\000a\000n\000a\000l\000i\000z\000a\000\040\000w\000y\000n\000i\000k\000\363\000w}{}% 36
\BOOKMARK [2][-]{subsection.7.1}{\376\377\001\132\000r\000o\000d\000o\000w\000i\000s\000k\000o\000\040\000t\000e\000s\000t\000o\000w\000e}{section.7}% 37
\BOOKMARK [2][-]{subsection.7.2}{\376\377\000E\000w\000a\000l\000u\000a\000c\000j\000a\000\040\000s\000k\000u\000t\000e\000c\000z\000n\000o\001\133\000c\000i\000\040\000m\000o\000d\000e\000l\000u\000\040\000s\000z\000t\000u\000c\000z\000n\000e\000j\000\040\000i\000n\000t\000e\000l\000i\000g\000e\000n\000c\000j\000i}{section.7}% 38
\BOOKMARK [3][-]{subsubsection.7.2.1}{\376\377\000S\000c\000e\000n\000a\000r\000i\000u\000s\000z\000e\000\040\000t\000e\000s\000t\000o\000w\000e\000\040\000i\000\040\000z\000b\000i\000\363\000r\000\040\000e\000w\000a\000l\000u\000a\000c\000y\000n\000y}{subsection.7.2}% 39
\BOOKMARK [3][-]{subsubsection.7.2.2}{\376\377\000W\000y\000n\000i\000k\000i\000\040\000k\000l\000a\000s\000y\000f\000i\000k\000a\000c\000j\000i\000\040\000i\000\040\000i\000c\000h\000\040\000a\000n\000a\000l\000i\000z\000a}{subsection.7.2}% 40
\BOOKMARK [3][-]{subsubsection.7.2.3}{\376\377\000T\000e\000s\000t\000y\000\040\000w\000y\000d\000a\000j\000n\000o\001\133\000c\000i\000o\000w\000e\000\040\000i\000\040\000o\000p\000t\000y\000m\000a\000l\000i\000z\000a\000c\000j\000a\000\040\000c\000z\000a\000s\000u\000\040\000w\000n\000i\000o\000s\000k\000o\000w\000a\000n\000i\000a}{subsection.7.2}% 41
\BOOKMARK [2][-]{subsection.7.3}{\376\377\000T\000e\000s\000t\000y\000\040\000f\000u\000n\000k\000c\000j\000o\000n\000a\000l\000n\000e\000\040\000a\000p\000l\000i\000k\000a\000c\000j\000i\000\040\000m\000o\000b\000i\000l\000n\000e\000j}{section.7}% 42
\BOOKMARK [3][-]{subsubsection.7.3.1}{\376\377\000S\000c\000e\000n\000a\000r\000i\000u\000s\000z\000e\000\040\000i\000\040\000p\000r\000z\000y\000p\000a\000d\000k\000i\000\040\000t\000e\000s\000t\000o\000w\000e}{subsection.7.3}% 43
\BOOKMARK [3][-]{subsubsection.7.3.2}{\376\377\000T\000e\000s\000t\000y\000\040\000n\000i\000e\000z\000a\000w\000o\000d\000n\000o\001\133\000c\000i\000\040\000i\000\040\000o\000b\000s\001\102\000u\000g\000a\000\040\000w\000y\000j\001\005\000t\000k\000\363\000w}{subsection.7.3}% 44
\BOOKMARK [3][-]{subsubsection.7.3.3}{\376\377\000W\000y\000n\000i\000k\000i\000\040\000t\000e\000s\000t\000\363\000w}{subsection.7.3}% 45
\BOOKMARK [2][-]{subsection.7.4}{\376\377\000P\000o\000d\000s\000u\000m\000o\000w\000a\000n\000i\000e\000\040\000t\000e\000s\000t\000\363\000w}{section.7}% 46
\BOOKMARK [3][-]{subsubsection.7.4.1}{\376\377\000N\000a\000p\000o\000t\000k\000a\000n\000e\000\040\000t\000r\000u\000d\000n\000o\001\133\000c\000i}{subsection.7.4}% 47
\BOOKMARK [3][-]{subsubsection.7.4.2}{\376\377\000W\000d\000r\000o\001\174\000o\000n\000e\000\040\000p\000o\000p\000r\000a\000w\000k\000i}{subsection.7.4}% 48
\BOOKMARK [1][-]{section.8}{\376\377\000P\000o\000d\000s\000u\000m\000o\000w\000a\000n\000i\000e}{}% 49
\BOOKMARK [1][-]{section.8}{\376\377\000S\000p\000i\000s\000\040\000r\000y\000s\000u\000n\000k\000\363\000w}{}% 50
\BOOKMARK [1][-]{section.8}{\376\377\000S\000p\000i\000s\000\040\000t\000a\000b\000e\000l}{}% 51
